
xv6 kernel is booting

init: starting sh
$ mixed
mixed: start tick 8
mixed: iteration 1 phase cpu tick 9
mixed: iteration 2 phase cpu tick 10
mixed: iteration 3 phase cpu tick 11
mixed: iteration 4 phase cpu tick 12
mixed: iteration 5 phase cpu tick 13
mixed: iteration 6 phase cpu tick 14
mixed: iteration 7 phase cpu tick 15
mixed: iteration 8 phase cpu tick 16
mixed: iteration 9 phase io tick 20
mixed: iteration 10 phase io tick 24
mixed: iteration 11 phase io tick 28
mixed: iteration 12 phase io tick 32
mixed: iteration 13 phase io tick 36
mixed: iteration 14 phase io tick 40
mixed: iteration 15 phase io tick 44
mixed: iteration 16 phase io tick 48
mixed: done tick 48 checksum A394D393DCC7D10B
FSSTAT workload=mixed pid=3 cpu_ticks=0 wait_ticks=0 response_ticks=0 turnaround_ticks=40 context_switches=46
$ QEMU: Terminated
